<area shape="rect" href="$classc_generic_object.html" title="This class is the root of basically every render&#45;able object in CHAI. It defines..." alt="" coords="161,309,279,336">
<area shape="rect" href="$classc_bitmap.html" title="This class provides functionalities to display a bitmap image." alt="" coords="360,5,435,32">
<area shape="rect" href="$classc_camera.html" title="cCamera describes a virtual Camera located inside the world. Its job in life is to..." alt="" coords="357,56,437,82">
<area shape="rect" href="$classc_g_e_l_world.html" title="cGELWorld implements a world to handle deformable objects within CHAI 3D." alt="" coords="355,106,440,133">
<area shape="rect" href="$classc_generic_tool.html" title="cGenericTool describes a generic class to create virtual tools inside a virtual environment..." alt="" coords="347,157,448,184">
<area shape="rect" href="$classc_label.html" title="This class provides functionalities to display one line of text." alt="" coords="367,208,428,234">
<area shape="rect" href="$classc_light.html" title="cLight describes an OpenGL light source, generally rendered by a cWorld object, which..." alt="" coords="368,258,427,285">
<area shape="rect" href="$classc_mesh.html" title="cMesh represents a collection of vertices, triangles, materials, and texture properties..." alt="" coords="367,309,428,336">
<area shape="rect" href="$classc_o_d_e_generic_body.html" title="cODEGenericBody is a base class for modeling any ODE dynamic body." alt="" coords="329,360,465,386">
<area shape="rect" href="$classc_o_d_e_world.html" title="cODEWorld implements a virtual world to handle ODE based objects (cODEGenericBody)..." alt="" coords="352,410,443,437">
<area shape="rect" href="$classc_shape_line.html" title="cShapeLine describes a simple line potential field" alt="" coords="349,461,445,488">
<area shape="rect" href="$classc_shape_sphere.html" title="Implementation of a virtual sphere shape." alt="" coords="340,512,455,538">
<area shape="rect" href="$classc_shape_torus.html" title="cShapeTorus describes a simple torus potential field." alt="" coords="347,562,448,589">
<area shape="rect" href="$classc_world.html" title="cWorld defines the typical root of the CHAI scene graph. It stores lights, allocates..." alt="" coords="367,613,428,640">
<area shape="rect" href="$classc_generic3dof_pointer.html" title="cGeneric3dofPointer represents a haptic tool that can apply forces in three degrees..." alt="" coords="516,157,665,184">
<area shape="rect" href="$classc_g_e_l_mesh.html" title="cGELMesh inherits from cMesh and integrate a skeleton model for deformation simulation..." alt="" coords="547,309,635,336">
