<area shape="rect" href="$classc_delta_device.html" title="cDeltaDevice implements an interface to the omega.x and delta.x haptic devices from..." alt="" coords="404,6,508,32">
<area shape="rect" href="$classc_falcon_device.html" title="cFalconDevice describes an interface to the Falcon haptic device from Novint Technlogies..." alt="" coords="400,56,512,83">
<area shape="rect" href="$classc_freedom6_s_device.html" title="cFreedom6SDevice describes an interface to the Freedom6S haptic device from MPB Technologies..." alt="" coords="384,107,528,134">
<area shape="rect" href="$classc_my_custom_device.html" title="cMyCustomDevice provides the structure in which you can very easily interface CHAI..." alt="" coords="387,158,525,184">
<area shape="rect" href="$classc_phantom_device.html" title="cPhantomDevice describes an interface to the Phantom haptic devices from Sensable..." alt="" coords="392,208,520,235">
<area shape="rect" href="$classc_virtual_device.html" title="Class which interfaces with the virtual device." alt="" coords="400,259,512,286">
<area shape="rect" href="$classc_generic_device.html" title="cGenericDevice Provides an general interface to communicate with hardware devices..." alt="" coords="5,132,125,159">
